// Jest Snapshot v1, https://jestjs.io/docs/snapshot-testing

exports[`PrimeWire handle el camino 1`] = `
[
  {
    "countryCode": "en",
    "url": "https://mixdrop.ag/f/4njk6691b1k60d",
  },
  {
    "countryCode": "en",
    "url": "https://mixdrop.ag/f/2bnmi",
  },
  {
    "countryCode": "en",
    "url": "https://mixdrop.ag/f/ql0qrxnjb89nx8",
  },
  {
    "countryCode": "en",
    "url": "https://voe.sx/paqi7qqku3zi",
  },
  {
    "countryCode": "en",
    "url": "https://voe.sx/ysimllytd3zo",
  },
  {
    "countryCode": "en",
    "url": "https://voe.sx/xwhvakkexuob",
  },
  {
    "countryCode": "en",
    "url": "https://filelions.to/f/wayeo7l1cw7d",
  },
  {
    "countryCode": "en",
    "url": "https://filelions.to/f/bv4b7tl9u1ij",
  },
  {
    "countryCode": "en",
    "url": "https://streamwish.to/09q73jf6t6jw",
  },
  {
    "countryCode": "en",
    "url": "https://dood.watch/d/05fm25orfeux",
  },
  {
    "countryCode": "en",
    "url": "https://dood.watch/d/9lw62yyosxc0",
  },
  {
    "countryCode": "en",
    "url": "https://dood.watch/d/j2pa25q11pdu",
  },
  {
    "countryCode": "en",
    "url": "https://streamtape.com/v/qMVMPa49M1hz8BR/El.Camino.A.Breaking.Bad.Movie.2019.1080p.WEBRip.x264_YTS.LT.mp4",
  },
  {
    "countryCode": "en",
    "url": "https://streamtape.com/v/6QLoLq0O8DtObX",
  },
]
`;

exports[`PrimeWire handle el camino 2`] = `
[
  {
    "countryCode": "en",
    "url": "https://mixdrop.ag/f/4njk6691b1k60d",
  },
  {
    "countryCode": "en",
    "url": "https://mixdrop.ag/f/2bnmi",
  },
  {
    "countryCode": "en",
    "url": "https://mixdrop.ag/f/ql0qrxnjb89nx8",
  },
  {
    "countryCode": "en",
    "url": "https://voe.sx/paqi7qqku3zi",
  },
  {
    "countryCode": "en",
    "url": "https://voe.sx/ysimllytd3zo",
  },
  {
    "countryCode": "en",
    "url": "https://voe.sx/xwhvakkexuob",
  },
  {
    "countryCode": "en",
    "url": "https://filelions.to/f/wayeo7l1cw7d",
  },
  {
    "countryCode": "en",
    "url": "https://filelions.to/f/bv4b7tl9u1ij",
  },
  {
    "countryCode": "en",
    "url": "https://streamwish.to/09q73jf6t6jw",
  },
  {
    "countryCode": "en",
    "url": "https://dood.watch/d/05fm25orfeux",
  },
  {
    "countryCode": "en",
    "url": "https://dood.watch/d/9lw62yyosxc0",
  },
  {
    "countryCode": "en",
    "url": "https://dood.watch/d/j2pa25q11pdu",
  },
  {
    "countryCode": "en",
    "url": "https://streamtape.com/v/qMVMPa49M1hz8BR/El.Camino.A.Breaking.Bad.Movie.2019.1080p.WEBRip.x264_YTS.LT.mp4",
  },
  {
    "countryCode": "en",
    "url": "https://streamtape.com/v/6QLoLq0O8DtObX",
  },
]
`;

exports[`PrimeWire handle imdb dead city s2e5 1`] = `
[
  {
    "countryCode": "en",
    "url": "https://mixdrop.ag/f/q1pz4k94uxxkgvo",
  },
  {
    "countryCode": "en",
    "url": "https://mixdrop.ag/f/nlpj3q3ran17rv",
  },
  {
    "countryCode": "en",
    "url": "https://mixdrop.ag/f/9wvz9gp3b3q1llk",
  },
  {
    "countryCode": "en",
    "url": "https://voe.sx/grsvpdbxvw3e",
  },
  {
    "countryCode": "en",
    "url": "https://voe.sx/te40pmzra8du",
  },
  {
    "countryCode": "en",
    "url": "https://voe.sx/y8lrmf2t7jhp",
  },
  {
    "countryCode": "en",
    "url": "https://filelions.to/f/eqmzrkv5kf5s",
  },
  {
    "countryCode": "en",
    "url": "https://filelions.to/f/0i0j0qz5o478",
  },
  {
    "countryCode": "en",
    "url": "https://filelions.to/f/odssr9dyjx5n",
  },
  {
    "countryCode": "en",
    "url": "https://filelions.to/f/fpru8wthtsf4",
  },
  {
    "countryCode": "en",
    "url": "https://streamwish.to/jult1lcvqjlt",
  },
  {
    "countryCode": "en",
    "url": "https://streamwish.to/h9p9qqgpq2lw",
  },
  {
    "countryCode": "en",
    "url": "https://streamwish.to/s986lkdy8mb5",
  },
  {
    "countryCode": "en",
    "url": "https://vidmoly.me/w/g1ob8a8h5pc8",
  },
  {
    "countryCode": "en",
    "url": "http://vidmoly.me/w/46bi0sec0966",
  },
  {
    "countryCode": "en",
    "url": "https://vidmoly.me/w/awjd3z0t0i9l",
  },
  {
    "countryCode": "en",
    "url": "http://vidmoly.me/w/okcwblnaqw3t",
  },
  {
    "countryCode": "en",
    "url": "https://dood.watch/d/sn87i3ru7plx",
  },
  {
    "countryCode": "en",
    "url": "https://dood.watch/d/8odyvc9bre16",
  },
  {
    "countryCode": "en",
    "url": "https://dood.watch/d/1qfuy5yiq4r6",
  },
  {
    "countryCode": "en",
    "url": "https://dood.watch/d/reslxv9siz41",
  },
  {
    "countryCode": "en",
    "url": "https://streamplay.to/qyn6mtz6w3sr",
  },
  {
    "countryCode": "en",
    "url": "https://streamplay.to/m1j7zix6ny8u",
  },
  {
    "countryCode": "en",
    "url": "https://streamplay.to/yrkzvpayg27o",
  },
  {
    "countryCode": "en",
    "url": "https://streamtape.com/v/Ap0GJoXglaFbqK/The.Walking.Dead.Dead.City.S02E05.The.Bird.Always.Knows.720p.AMZN.WEB-DL.DDP5.1.H.264-NTb.mkv.mp4",
  },
  {
    "countryCode": "en",
    "url": "https://streamtape.com/v/g3dQvLvy9QsJqo/The.Walking.Dead.Dead.City.S02E05.The.Bird.Always.Knows.720p.AMZN.WEB-DL.DDP5.1.H.264-NTb.mkv.mp4",
  },
  {
    "countryCode": "en",
    "url": "https://filemoon.sx/d/8wllnog0cyl7",
  },
  {
    "countryCode": "en",
    "url": "https://filemoon.sx/d/ftowmfa7f0ge/The.Walking.Dead.Dead.City.S02E05.The.Bird.Always.Knows.720p.AMZN.WEB-DL.DDP5.1.H.264-NTb.mkv",
  },
  {
    "countryCode": "en",
    "url": "https://dropload.io/ubaaot4b6pfw",
  },
  {
    "countryCode": "en",
    "url": "https://dropload.io/boj6hx5v0j96",
  },
  {
    "countryCode": "en",
    "url": "https://savefiles.com/dkq2hy8nt1s8",
  },
  {
    "countryCode": "en",
    "url": "https://savefiles.com/i0bj9gazequy",
  },
  {
    "countryCode": "en",
    "url": "https://savefiles.com/tsbt84uhcvnv",
  },
  {
    "countryCode": "en",
    "url": "https://luluvdoo.com/nrcy0m01ce37",
  },
  {
    "countryCode": "en",
    "url": "https://luluvdoo.com/2lyf7xx54140",
  },
  {
    "countryCode": "en",
    "url": "https://luluvdoo.com/d/au00sj11vqku",
  },
  {
    "countryCode": "en",
    "url": "https://filegram.to/6q8gctbf79gc",
  },
  {
    "countryCode": "en",
    "url": "https://filegram.to/erapbfgcdguq",
  },
  {
    "countryCode": "en",
    "url": "https://filegram.to/6yuyz0dgqu05",
  },
  {
    "countryCode": "en",
    "url": "https://bigwarp.cc/4tb37obzt6re",
  },
  {
    "countryCode": "en",
    "url": "https://bigwarp.cc/aazhpuex9ppj",
  },
  {
    "countryCode": "en",
    "url": "https://bigwarp.cc/u66q6mybilfa",
  },
]
`;
