// Jest Snapshot v1, https://goo.gl/fbAQLP

exports[`MostraGuarda handle imdb the devil's bath 1`] = `
[
  {
    "label": "SuperVideo",
    "meta": {
      "bytes": 1181116006,
      "countryCode": "it",
      "height": 720,
      "title": "the devils bath 2024 sub ita",
    },
    "sourceId": "supervideo_it",
    "ttl": 900000,
    "url": "https://hfs279.serversicuro.cc/hls/,dnzpejj427g4a3gyvbth53rxqewqgqqzp3wr6zwutysvud7zroar3cb75d3q,.urlset/master.m3u8",
  },
  {
    "label": "Dropload",
    "meta": {
      "bytes": 1181116006,
      "countryCode": "it",
      "height": 720,
      "title": "the-devils-bath-2024-sd-sub-ita",
    },
    "sourceId": "dropload_it",
    "ttl": 900000,
    "url": "https://srv34.dropload.io/hls2/01/00200/xsr90y2ltdyx_h/master.m3u8?t=avFOZ-10hDxo6__iaoSUrq7o4yY3ldLw6XDlXxpXF8E&s=1747059001&e=14400&f=1004116&srv=srv24&i=0.0&sp=0&ii=130.61.236.204&p1=srv24&p2=srv24",
  },
  {
    "isExternal": true,
    "label": "mixdrop.ag",
    "meta": {
      "countryCode": "it",
    },
    "sourceId": "external_it",
    "ttl": 3600000,
    "url": "https://mixdrop.ag/e/vk196d6xfzwwo1",
  },
  {
    "label": "DoodStream",
    "meta": {
      "countryCode": "it",
      "title": "the-devils-bath-2024-sd-sub-ita",
    },
    "requestHeaders": {
      "Referer": "http://dood.to/",
    },
    "sourceId": "doodstream_it",
    "ttl": 900000,
    "url": "https://kk892as.cloudatacdn.com/u5kj7j7s27d3sdgge5woezkbi4pu672wktq3aqujw47rbpl3xog2gtqnw2xa/awn9rgotuu~mocked-random-string?token=aw2v2d8uhbrj2ky54d573ujk&expiry=639837296000",
  },
]
`;
